// Jest Snapshot v1, https://goo.gl/fbAQLP

exports[`SectionTitle should render correctly 1`] = `
<div>
  <h3
    class="section-title"
  >
    Test
  </h3>
</div>
`;
